[33mΓ¥»[39m Building...
[32mΓ£ö[39m Building...
[1mInitial chunk files[22m[2m | [22m[1mNames[22m        [2m | [22m [1mRaw size[22m[2m | [22m[1mEstimated transfer size[22m
[32mmain-GDOJHTZ6.js[39m   [2m | [22m[2mmain[22m         [2m | [22m[36m215.39 kB[39m[2m | [22m               [36m57.50 kB[39m
[32mstyles-4XHZZUZH.css[39m[2m | [22m[2mstyles[22m       [2m | [22m [36m21.52 kB[39m[2m | [22m                [36m4.73 kB[39m

[1m [22m                  [2m | [22m[1mInitial total[22m[2m | [22m[1m236.91 kB[22m[2m | [22m               [1m62.23 kB[22m

Application bundle generation complete. [3.190 seconds] - 2026-03-23T05:05:06.060Z

node.exe : [1m[33m[33mΓû▓ 
[43;33m[[43;30mWARNING[43;
33m][0m [1mNG8113: All 
imports are unused[0m 
[1m[35m[plugin 
angular-compiler][0m
At C:\Program 
Files\nodejs\npx.ps1:29 
char:3
+   & $NODE_EXE $NPX_CLI_JS 
$args
+   
~~~~~~~~~~~~~~~~~~~~~~~~~~~~~
    + CategoryInfo           
   : NotSpecified: ([1m[3  
  3m[33mΓ...r-compiler][   
 0m:String) [], RemoteExc    
eption
    + FullyQualifiedErrorId  
   : NativeCommandError
 

    src/app/app.ts:6:2:
[37m      6 Γöé   
[32mimports[37m: 
[RouterOutlet],
        Γò╡   
[32m~~~~~~~[0m

[39m[22m
Output location: D:\neeraliDigital\Nalapad\dist\nalapad-site

